// Jest Snapshot v1, https://goo.gl/fbAQLP

exports[`Tabbar render Custom icon correctly 1`] = `"<div class=\\"rc-tabbar rc-tabbar--fixed rc-hairline--top-bottom rc-safe-area-bottom\\"><div class=\\"rc-tabbar-item rc-tabbar-item--active\\"><div class=\\"rc-badge__wrapper rc-tabbar-item__icon\\"><img alt=\\"\\" src=\\"https://img.yzcdn.cn/vant/user-active.png\\"></div><div class=\\"rc-tabbar-item__text\\">标签</div></div><div class=\\"rc-tabbar-item\\"><div class=\\"rc-badge__wrapper rc-tabbar-item__icon\\"><i class=\\"rc-badge__wrapper van-icon van-icon-friends-o\\"></i></div><div class=\\"rc-tabbar-item__text\\">标签</div></div><div class=\\"rc-tabbar-item\\"><div class=\\"rc-badge__wrapper rc-tabbar-item__icon\\"><i class=\\"rc-badge__wrapper van-icon van-icon-setting-o\\"></i></div><div class=\\"rc-tabbar-item__text\\">标签</div></div></div>"`;

exports[`Tabbar should render cust prop 1`] = `"<div class=\\"rc-tabbar__placeholder\\" style=\\"height: 50px;\\"><div class=\\"rc-tabbar rc-tabbar--fixed rc-hairline--top-bottom rc-safe-area-bottom\\"><div class=\\"rc-tabbar-item rc-tabbar-item--active\\"><div class=\\"rc-tabbar-item__text\\">Tab</div></div><div class=\\"rc-tabbar-item\\"><div class=\\"rc-tabbar-item__text\\">Tab</div></div></div></div>"`;

exports[`Tabbar should render placeholder element when using placeholder prop 1`] = `"<div class=\\"rc-tabbar__placeholder\\" style=\\"height: 50px;\\"><div class=\\"rc-tabbar rc-tabbar--fixed rc-hairline--top-bottom rc-safe-area-bottom\\"><div class=\\"rc-tabbar-item rc-tabbar-item--active\\"><div class=\\"rc-tabbar-item__text\\">Tab</div></div><div class=\\"rc-tabbar-item\\"><div class=\\"rc-tabbar-item__text\\">Tab</div></div></div></div>"`;
