// Jest Snapshot v1, https://goo.gl/fbAQLP

exports[`Divider should render correctly 1`] = `
<Divider
  contentPosition="center"
  hairline={true}
>
  <div
    className="rc-divider rc-divider--hairline"
    role="separator"
  />
</Divider>
`;
