// Jest Snapshot v1, https://goo.gl/fbAQLP

exports[`ConfigProvider when using themeVars prop 1`] = `undefined`;
